../Core/Src/main.c:78:6:HAL_GPIO_EXTI_Callback	16	static
../Core/Src/main.c:90:5:main	48	static
../Core/Src/main.c:166:6:SystemClock_Config	88	static
../Core/Src/main.c:213:13:MX_TIM1_Init	40	static
../Core/Src/main.c:257:13:MX_TIM2_Init	40	static
../Core/Src/main.c:299:13:MX_USART3_UART_Init	8	static
../Core/Src/main.c:332:13:MX_USB_OTG_FS_PCD_Init	8	static
../Core/Src/main.c:365:13:MX_GPIO_Init	64	static
../Core/Src/main.c:507:6:StartDefaultTask	16	static
../Core/Src/main.c:529:6:HAL_TIM_PeriodElapsedCallback	16	static
../Core/Src/main.c:545:6:Error_Handler	4	static,ignoring_inline_asm
